
> pantry-iq-landing@0.1.0 test:unit
> vitest --run tests/unit/components/dashboard-cards.test.tsx


 RUN  v4.1.4 /Users/harry/Documents/git/pantry-iq-landing

 ❯ tests/unit/components/dashboard-cards.test.tsx (73 tests | 7 failed) 419ms
         × should display transaction count for each location 10ms
         × should display CSV upload count for each location 5ms
         × should display POS connection status when available 4ms
         × should display zero transaction count correctly 3ms
         × should display large numbers correctly 2ms
         × should show muted styling for disabled Start Conversation action 4ms
         × should have muted icon color for disabled Start Conversation 2ms

⎯⎯⎯⎯⎯⎯⎯ Failed Tests 7 ⎯⎯⎯⎯⎯⎯⎯

 FAIL  tests/unit/components/dashboard-cards.test.tsx > Dashboard Cards > LocationOverviewCard > With Locations > should display transaction count for each location
TestingLibraryElementError: Unable to find an element with the text: /150.*transactions/. This could be because the text is broken up by multiple elements. In this case, you can provide a function for your text matcher to make your matcher more flexible.

Ignored nodes: comments, script, style
[36m<body>[39m
  [36m<div>[39m
    [36m<div[39m
      [33mclass[39m=[32m"bg-card text-card-foreground flex flex-col gap-6 rounded-xl border py-6 shadow-sm"[39m
      [33mdata-slot[39m=[32m"card"[39m
    [36m>[39m
      [36m<div[39m
        [33mclass[39m=[32m"@container/card-header grid auto-rows-min grid-rows-[auto_auto] items-start gap-2 px-6 has-data-[slot=card-action]:grid-cols-[1fr_auto] [.border-b]:pb-6"[39m
        [33mdata-slot[39m=[32m"card-header"[39m
      [36m>[39m
        [36m<div[39m
          [33mclass[39m=[32m"leading-none font-semibold"[39m
          [33mdata-slot[39m=[32m"card-title"[39m
        [36m>[39m
          [0mLocations ([0m
          [0m2[0m
          [0m)[0m
        [36m</div>[39m
      [36m</div>[39m
      [36m<div[39m
        [33mclass[39m=[32m"px-6"[39m
        [33mdata-slot[39m=[32m"card-content"[39m
      [36m>[39m
        [36m<div[39m
          [33mclass[39m=[32m"space-y-3"[39m
        [36m>[39m
          [36m<div[39m
            [33mclass[39m=[32m"border-input flex items-start justify-between rounded border p-4"[39m
          [36m>[39m
            [36m<div[39m
              [33mclass[39m=[32m"flex-1"[39m
            [36m>[39m
              [36m<div[39m
                [33mclass[39m=[32m"flex items-center gap-2"[39m
              [36m>[39m
                [36m<svg[39m
                  [33maria-hidden[39m=[32m"true"[39m
                  [33mclass[39m=[32m"lucide lucide-building2 lucide-building-2 text-muted-foreground h-4 w-4"[39m
                  [33mfill[39m=[32m"none"[39m
                  [33mheight[39m=[32m"24"[39m
                  [33mstroke[39m=[32m"currentColor"[39m
                  [33mstroke-linecap[39m=[32m"round"[39m
                  [33mstroke-linejoin[39m=[32m"round"[39m
                  [33mstroke-width[39m=[32m"2"[39m
                  [33mviewBox[39m=[32m"0 0 24 24"[39m
                  [33mwidth[39m=[32m"24"[39m
                  [33mxmlns[39m=[32m"http://www.w3.org/2000/svg"[39m
                [36m>[39m
                  [36m<path[39m
                    [33md[39m=[32m"M10 12h4"[39m
                  [36m/>[39m
                  [36m<path[39m
                    [33md[39m=[32m"M10 8h4"[39m
                  [36m/>[39m
                  [36m<path[39m
                    [33md[39m=[32m"M14 21v-3a2 2 0 0 0-4 0v3"[39m
                  [36m/>[39m
                  [36m<path[39m
                    [33md[39m=[32m"M6 10H4a2 2 0 0 0-2 2v7a2 2 0 0 0 2 2h16a2 2 0 0 0 2-2V9a2 2 0 0 0-2-2h-2"[39m
                  [36m/>[39m
                  [36m<path[39m
                    [33md[39m=[32m"M6 21V5a2 2 0 0 1 2-2h8a2 2 0 0 1 2 2v16"[39m
                  [36m/>[39m
                [36m</svg>[39m
                [36m<h3[39m
                  [33mclass[39m=[32m"font-semibold"[39m
                [36m>[39m
                  [0mDowntown Restaurant[0m
                [36m</h3>[39m
                [36m<div[39m
                  [33mclass[39m=[32m"inline-flex items-center rounded-full border px-2.5 py-0.5 font-semibold transition-colors focus:outline-none focus:ring-2 focus:ring-ring focus:ring-offset-2 border-transparent bg-secondary text-secondary-foreground hover:bg-secondary/80 text-xs"[39m
                [36m>[39m
                  [0mRestaurant[0m
                [36m</div>[39m
              [36m</div>[39m
              [36m<div[39m
                [33mclass[39m=[32m"text-muted-foreground mt-2 grid grid-cols-2 gap-3 text-sm md:grid-cols-3"[39m
              [36m>[39m
                [36m<div[39m
                  [33mclass[39m=[32m"flex items-center gap-1.5"[39m
                [36m>[39m
                  [36m<svg[39m
                    [33maria-hidden[39m=[32m"true"[39m
                    [33mclass[39m=[32m"lucide lucide-trending-up h-3.5 w-3.5"[39m
                    [33mfill[39m=[32m"none"[39m
                    [33mheight[39m=[32m"24"[39m
                    [33mstroke[39m=[32m"currentColor"[39m
                    [33mstroke-linecap[39m=[32m"round"[39m
                    [33mstroke-linejoin[39m=[32m"round"[39m
                    [33mstroke-width[39m=[32m"2"[39m
                    [33mviewBox[39m=[32m"0 0 24 24"[39m
                    [33mwidth[39m=[32m"24"[39m
                    [33mxmlns[39m=[32m"http://www.w3.org/2000/svg"[39m
                  [36m>[39m
                    [36m<path[39m
                      [33md[39m=[32m"M16 7h6v6"[39m
                    [36m/>[39m
                    [36m<path[39m
                      [33md[39m=[32m"m22 7-8.5 8.5-5-5L2 17"[39m
                    [36m/>[39m
                  [36m</svg>[39m
                  [36m<span>[39m
                    [36m<span[39m
                      [33mclass[39m=[32m"font-medium"[39m
                    [36m>[39m
                      [0m150[0m
                    [36m</span>[39m
                    [0m [0m
                    [0mtransactions[0m
                  [36m</span>[39m
                [36m</div>[39m
                [36m<div[39m
                  [33mclass[39m=[32m"flex items-center gap-1.5"[39m
                [36m>[39m
                  [36m<svg[39m
                    [33maria-hidden[39m=[32m"true"[39m
                    [33mclass[39m=[32m"lucide lucide-upload h-3.5 w-3.5"[39m
                    [33mfill[39m=[32m"none"[39m
                    [33mheight[39m=[32m"24"[39m
                    [33mstroke[39m=[32m"currentColor"[39m
                    [33mstroke-linecap[39m=[32m"round"[39m
                    [33mstroke-linejoin[39m=[32m"round"[39m
                    [33mstroke-width[39m=[32m"2"[39m
                    [33mviewBox[39m=[32m"0 0 24 24"[39m
                    [33mwidth[39m=[32m"24"[39m
                    [33mxmlns[39m=[32m"http://www.w3.org/2000/svg"[39m
                  [36m>[39m
                    [36m<path[39m
                      [33md[39m=[32m"M12 3v12"[39m
                    [36m/>[39m
                    [36m<path[39m
                      [33md[39m=[32m"m17 8-5-5-5 5"[39m
                    [36m/>[39m
                    [36m<path[39m
                      [33md[39m=[32m"M21 15v4a2 2 0 0 1-2 2H5a2 2 0 0 1-2-2v-4"[39m
                    [36m/>[39m
                  [36m</svg>[39m
                  [36m<span>[39m
                    [36m<span[39m
                      [33mclass[39m=[32m"font-medium"[39m
                    [36m>[39m
                      [0m3[0m
                    [36m</span>[39m
                    [0m [0m
                    [0muploads[0m
                  [36m</span>[39m
                [36m</div>[39m
                [36m<div[39m
                  [33mclass[39m=[32m"flex items-center gap-1.5"[39m
                [36m>[39m
                  [36m<svg[39m
                    [33maria-hidden[39m=[32m"true"[39m
                    [33mclass[39m=[32m"lucide lucide-message-circle h-3.5 w-3.5"[39m
                    [33mfill[39m=[32m"none"[39m
                    [33mheight[39m=[32m"24"[39m
                    [33mstroke[39m=[32m"currentColor"[39m
                    [33mstroke-linecap[39m=[32m"round"[39m
                    [33mstroke-linejoin[39m=[32m"round"[39m
                    [33mstroke-width[39m=[32m"2"[39m
                    [33mviewBox[39m=[32m"0 0 24 24"[39m
                    [33mwidth[39m=[32m"24"[39m
                    [33mxmlns[39m=[32m"http://www.w3.org/2000/svg"[39m
                  [36m>[39m
                    [36m<path[39m
                      [33md[39m=[32m"M2.992 16.342a2 2 0 0 1 .094 1.167l-1.065 3.29a1 1 0 0 0 1.236 1.168l3.413-.998a2 2 0 0 1 1.099.092 10 10 0 1 0-4.777-4.719"[39m
                    [36m/>[39m
                  [36m</svg>[39m
                  [36m<span>[39m
                    [0mSquare:[0m
                    [0m [0m
                    [36m<span[39m
                      [33mclass[39m=[32m"font-medium"[39m
                    [36m>[39m
                      [0mconnected[0m
                    [36m</span>[39m
                  [36m</span>[39m
                [36m</div>[39m
              [36m</div>[39m
            [36m</div>[39m
            [36m<div[39m
              [33mclass[39m=[32m"ml-4 flex gap-2"[39m
            [36m>[39m
              [36m<a[39m
                [33mclass[39m=[32m"text-primary hover:text-primary/80 inline-flex items-center gap-1.5 text-sm font-medium transition-colors"[39m
                [33mhref[39m=[32m"/import?location_id=loc-1"[39m
              [36m>[39m
                [36m<svg[39m
                  [33maria-hidden[39m=[32m"true"[39m
                  [33mclass[39m=[32m"lucide lucide-upload h-3.5 w-3.5"[39m
                  [33mfill[39m=[32m"none"[39m
                  [33mheight[39m=[32m"24"[39m
                  [33mstroke[39m=[32m"currentColor"[39m
                  [33mstroke-linecap[39m=[32m"round"[39m
                  [33mstroke-linejoin[39m=[32m"round"[39m
                  [33mstroke-width[39m=[32m"2"[39m
                  [33mviewBox[39m=[32m"0 0 24 24"[39m
                  [33mwidth[39m=[32m"24"[39m
                  [33mxmlns[39m=[32m"http://www.w3.org/2000/svg"[39m
                [36m>[39m
                  [36m<path[39m
                    [33md[39m=[32m"M12 3v12"[39m
                  [36m/>[39m
                  [36m<path[39m
                    [33md[39m=[32m"m17 8-5-5-5 5"[39m
                  [36m/>[39m
                  [36m<path[39m
                    [33md[39m=[32m"M21 15v4a2 2 0 0 1-2 2H5a2 2 0 0 1-2-2v-4"[39m
                  [36m/>[39m
                [36m</svg>[39m
                [0mImport[0m
              [36m</a>[39m
              [36m<a[39m
                [33mclass[39m=[32m"text-primary hover:text-primary/80 inline-flex items-center gap-1.5 text-sm font-medium transition-colors"[39m
                [33mhref[39m=[32m"/conversations/conv-1"[39m
              [36m>[39m
                [36m<svg[39m
                  [33maria-hidden[39m=[32m"true"[39m
                  [33mclass[39m=[32m"lucide lucide-message-circle h-3.5 w-3.5"[39m
                  [33mfill[39m=[32m"none"[39m
                  [33mheight[39m=[32m"24"[39m
                  [33mstroke[39m=[32m"currentColor"[39m
                  [33mstroke-linecap[39m=[32m"round"[39m
                  [33mstroke-linejoin[39m=[32m"round"[39m
                  [33mstroke-width[39m=[32m"2"[39m
                  [33mviewBox[39m=[32m"0 0 24 24"[39m
                  [33mwidth[39m=[32m"24"[39m
                  [33mxmlns[39m=[32m"http://www.w3.org/2000/svg"[39m
                [36m>[39m
                  [36m<path[39m
                    [33md[39m=[32m"M2.992 16.342a2 2 0 0 1 .094 1.167l-1.065 3.29a1 1 0 0 0 1.236 1.168l3.413-.998a2 2 0 0 1 1.099.092 10 10 0 1 0-4.777-4.719"[39m
                  [36m/>[39m
                [36m</svg>[39m
                [0mChat[0m
              [36m</a>[39m
            [36m</div>[39m
          [36m</div>[39m
          [36m<div[39m
            [33mclass[39m=[32m"border-input flex items-start justify-between rounded border p-4"[39m
          [36m>[39m
            [36m<div[39m
              [33mclass[39m=[32m"flex-1"[39m
            [36m>[39m
              [36m<div[39m
                [33mclass[39m=[32m"flex items-center gap-2"[39m
              [36m>[39m
                [36m<svg[39m
                  [33maria-hidden[39m=[32m"true"[39m
                  [33mclass[39m=[32m"lucide lucide-utensils text-muted-foreground h-4 w-4"[39m
                  [33mfill[39m=[32m"none"[39m
                  [33mheight[39m=[32m"24"[39m
                  [33mstroke[39m=[32m"currentColor"[39m
                  [33mstroke-linecap[39m=[32m"round"[39m
                  [33mstroke-linejoin[39m=[32m"round"[39m
                  [33mstroke-width[39m=[32m"2"[39m
                  [33mviewBox[39m=[32m"0 0 24 24"[39m
                  [33mwidth[39m=[32m"24"[39m
                  [33mxmlns[39m=[32m"http://www.w3.org/2000/svg"[39m
                [36m>[39m
                  [36m<path[39m
                    [33md[39m=[32m"M3 2v7c0 1.1.9 2 2 2h4a2 2 0 0 0 2-2V2"[39m
                  [36m/>[39m
                  [36m<path[39m
                    [33md[39m=[32m"M7 2v20"[39m
                  [36m/>[39m
                  [36m<path[39m
                    [33md[39m=[32m"M21 15V2a5 5 0 0 0-5 5v6c0 1.1.9 2 2 2h3Zm0 0v7"[39m
                  [36m/>[39m
                [36m</svg>[39m
                [36m<h3[39m
                  [33mclass[39m=[32m"font-semibold"[39m
                [36m>[39m
                  [0mMobile Food Truck[0m
                [36m</h3>[39m
                [36m<div[39m
                  [33mclass[39m=[32m"inline-flex items-center rounded-full border px-2.5 py-0.5 font-semibold transition-colors focus:outline-none focus:ring-2 focus:ring-ring focus:ring-offset-2 border-transparent bg-secondary text-secondary-foreground hover:bg-secondary/80 text-xs"[39m
                [36m>[39m
                  [0mFood Truck[0m
                [36m</div>[39m
              [36m</div>[39m
              [36m<div[39m
                [33mclass[39m=[32m"text-muted-foreground mt-2 grid grid-cols-2 gap-3 text-sm md:grid-cols-3"[39m
              [36m>[39m
                [36m<div[39m
                  [33mclass[39m=[32m"flex items-center gap-1.5"[39m
                [36m>[39m
                  [36m<svg[39m
                    [33maria-hidden[39m=[32m"true"[39m
                    [33mclass[39m=[32m"lucide lucide-trending-up h-3.5 w-3.5"[39m
                    [33mfill[39m=[32m"none"[39m
                    [33mheight[39m=[32m"24"[39m
                    [33mstroke[39m=[32m"currentColor"[39m
                    [33mstroke-linecap[39m=[32m"round"[39m
                    [33mstroke-linejoin[39m=[32m"round"[39m
                    [33mstroke-width[39m=[32m"2"[39m
                    [33mviewBox[39m=[32m"0 0 24 24"[39m
                    [33mwidth[39m=[32m"24"[39m
                    [33mxmlns[39m=[32m"http://www.w3.org/2000/svg"[39m
                  [36m>[39m
                    [36m<path[39m
                      [33md[39m=[32m"M16 7h6v6"[39m
                    [36m/>[39m
                    [36m<path[39m
                      [33md[39m=[32m"m22 7-8.5 8.5-5-5L2 17"[39m
                    [36m/>[39m
                  [36m</svg>[39m
                  [36m<span>[39m
                    [36m<span[39m
                      [33mclass[39m=[32m"font-medium"[39m
                    [36m>[39m
                      [0m45[0m
                    [36m</span>[39m
                    [0m [0m
                    [0mtransactions[0m
                  [36m</span>[39m
                [36m</div>[39m
                [36m<div[39m
                  [33mclass[39m=[32m"flex items-center gap-1.5"[39m
                [36m>[39m
                  [36m<svg[39m
                    [33maria-hidden[39m=[32m"true"[39m
                    [33mclass[39m=[32m"lucide lucide-upload h-3.5 w-3.5"[39m
                    [33mfill[39m=[32m"none"[39m
                    [33mheight[39m=[32m"24"[39m
                    [33mstroke[39m=[32m"currentColor"[39m
                    [33mstroke-linecap[39m=[32m"round"[39m
                    [33mstroke-linejoin[39m=[32m"round"[39m
                    [33mstroke-width[39m=[32m"2"[39m
                    [33mviewBox[39m=[32m"0 0 24 24"[39m
                    [33mwidth[39m=[32m"24"[39m
                    [33mxmlns[39m=[32m"http://www.w3.org/2000/svg"[39m
                  [36m>[39m
                    [36m<path[39m
                      [33md[39m=[32m"M12 3v12"[39m
                    [36m/>[39m
                    [36m<path[39m
                      [33md[39m=[32m"m17 8-5-5-5 5"[39m
                    [36m/>[39m
                    [36m<path[39m
                      [33md[39m=[32m"M21 15v4a2 2 0 0 1-2 2H5a2 2 0 0 1-2-2v-4"[39m
                    [36m/>[39m
                  [36m</svg>[39m
                  [36m<span>[39m
                    [36m<span[39m
                      [33mclass[39m=[32m"font-medium"[39m
                    [36m>[39m
                      [0m1[0m
                    [36m</span>[39m
                    [0m [0m
                    [0muploads[0m
                  [36m</span>[39m
                [36m</div>[39m
              [36m</div>[39m
            [36m</div>[39m
            [36m<div[39m
              [33mclass[39m=[32m"ml-4 flex gap-2"[39m
            [36m>[39m
              [36m<a[39m
                [33mclass[39m=[32m"text-primary hover:text-primary/80 inline-flex items-center gap-1.5 text-sm font-medium transition-colors"[39m
                [33mhref[39m=[32m"/import?location_id=loc-2"[39m
              [36m>[39m
                [36m<svg[39m
                  [33maria-hidden[39m=[32m"true"[39m
                  [33mclass[39m=[32m"lucide lucide-upload h-3.5 w-3.5"[39m
                  [33mfill[39m=[32m"none"[39m
                  [33mheight[39m=[32m"24"[39m
                  [33mstroke[39m=[32m"currentColor"[39m
                  [33mstroke-linecap[39m=[32m"round"[39m
                  [33mstroke-linejoin[39m=[32m"round"[39m
                  [33mstroke-width[39m=[32m"2"[39m
                  [33mviewBox[39m=[32m"0 0 24 24"[39m
                  [33mwidth[39m=[32m"24"[39m
                  [33mxmlns[39m=[32m"http://www.w3.org/2000/svg"[39m
                [36m>[39m
                  [36m<path[39m
                    [33md[39m=[32m"M12 3v12"[39m
                  [36m/>[39m
                  [36m<path[39m
                    [33md[39m=[32m"m17 8-5-5-5 5"[39m
                  [36m/>[39m
                  [36m<path[39m
                    [33md[39m=[32m"M21 15v4a2 2 0 0 1-2 2H5a2 2 0 0 1-2-2v-4"[39m
                  [36m/>[39m
                [36m</svg>[39m
                [0mImport[0m
              [36m</a>[39m
            [36m</div>[39m
          [36m</div>[39m
        [36m</div>[39m
      [36m</div>[39m
    [36m</div>[39m
  [36m</div>[39m
[36m</body>[39m
 ❯ Object.getElementError node_modules/@testing-library/dom/dist/config.js:37:19
 ❯ node_modules/@testing-library/dom/dist/query-helpers.js:76:38
 ❯ node_modules/@testing-library/dom/dist/query-helpers.js:52:17
 ❯ node_modules/@testing-library/dom/dist/query-helpers.js:95:19
 ❯ tests/unit/components/dashboard-cards.test.tsx:443:23
    441|         const counts = screen.getAllByText(/transactions/)
    442|         expect(counts.length).toBe(2)
    443|         expect(screen.getByText(/150.*transactions/)).toBeInTheDocumen…
       |                       ^
    444|         expect(screen.getByText(/45.*transactions/)).toBeInTheDocument…
    445|       })

⎯⎯⎯⎯⎯⎯⎯⎯⎯⎯⎯⎯⎯⎯⎯⎯⎯⎯⎯⎯⎯⎯⎯⎯[1/7]⎯

 FAIL  tests/unit/components/dashboard-cards.test.tsx > Dashboard Cards > LocationOverviewCard > With Locations > should display CSV upload count for each location
TestingLibraryElementError: Unable to find an element with the text: /3.*uploads/. This could be because the text is broken up by multiple elements. In this case, you can provide a function for your text matcher to make your matcher more flexible.

Ignored nodes: comments, script, style
[36m<body>[39m
  [36m<div>[39m
    [36m<div[39m
      [33mclass[39m=[32m"bg-card text-card-foreground flex flex-col gap-6 rounded-xl border py-6 shadow-sm"[39m
      [33mdata-slot[39m=[32m"card"[39m
    [36m>[39m
      [36m<div[39m
        [33mclass[39m=[32m"@container/card-header grid auto-rows-min grid-rows-[auto_auto] items-start gap-2 px-6 has-data-[slot=card-action]:grid-cols-[1fr_auto] [.border-b]:pb-6"[39m
        [33mdata-slot[39m=[32m"card-header"[39m
      [36m>[39m
        [36m<div[39m
          [33mclass[39m=[32m"leading-none font-semibold"[39m
          [33mdata-slot[39m=[32m"card-title"[39m
        [36m>[39m
          [0mLocations ([0m
          [0m2[0m
          [0m)[0m
        [36m</div>[39m
      [36m</div>[39m
      [36m<div[39m
        [33mclass[39m=[32m"px-6"[39m
        [33mdata-slot[39m=[32m"card-content"[39m
      [36m>[39m
        [36m<div[39m
          [33mclass[39m=[32m"space-y-3"[39m
        [36m>[39m
          [36m<div[39m
            [33mclass[39m=[32m"border-input flex items-start justify-between rounded border p-4"[39m
          [36m>[39m
            [36m<div[39m
              [33mclass[39m=[32m"flex-1"[39m
            [36m>[39m
              [36m<div[39m
                [33mclass[39m=[32m"flex items-center gap-2"[39m
              [36m>[39m
                [36m<svg[39m
                  [33maria-hidden[39m=[32m"true"[39m
                  [33mclass[39m=[32m"lucide lucide-building2 lucide-building-2 text-muted-foreground h-4 w-4"[39m
                  [33mfill[39m=[32m"none"[39m
                  [33mheight[39m=[32m"24"[39m
                  [33mstroke[39m=[32m"currentColor"[39m
                  [33mstroke-linecap[39m=[32m"round"[39m
                  [33mstroke-linejoin[39m=[32m"round"[39m
                  [33mstroke-width[39m=[32m"2"[39m
                  [33mviewBox[39m=[32m"0 0 24 24"[39m
                  [33mwidth[39m=[32m"24"[39m
                  [33mxmlns[39m=[32m"http://www.w3.org/2000/svg"[39m
                [36m>[39m
                  [36m<path[39m
                    [33md[39m=[32m"M10 12h4"[39m
                  [36m/>[39m
                  [36m<path[39m
                    [33md[39m=[32m"M10 8h4"[39m
                  [36m/>[39m
                  [36m<path[39m
                    [33md[39m=[32m"M14 21v-3a2 2 0 0 0-4 0v3"[39m
                  [36m/>[39m
                  [36m<path[39m
                    [33md[39m=[32m"M6 10H4a2 2 0 0 0-2 2v7a2 2 0 0 0 2 2h16a2 2 0 0 0 2-2V9a2 2 0 0 0-2-2h-2"[39m
                  [36m/>[39m
                  [36m<path[39m
                    [33md[39m=[32m"M6 21V5a2 2 0 0 1 2-2h8a2 2 0 0 1 2 2v16"[39m
                  [36m/>[39m
                [36m</svg>[39m
                [36m<h3[39m
                  [33mclass[39m=[32m"font-semibold"[39m
                [36m>[39m
                  [0mDowntown Restaurant[0m
                [36m</h3>[39m
                [36m<div[39m
                  [33mclass[39m=[32m"inline-flex items-center rounded-full border px-2.5 py-0.5 font-semibold transition-colors focus:outline-none focus:ring-2 focus:ring-ring focus:ring-offset-2 border-transparent bg-secondary text-secondary-foreground hover:bg-secondary/80 text-xs"[39m
                [36m>[39m
                  [0mRestaurant[0m
                [36m</div>[39m
              [36m</div>[39m
              [36m<div[39m
                [33mclass[39m=[32m"text-muted-foreground mt-2 grid grid-cols-2 gap-3 text-sm md:grid-cols-3"[39m
              [36m>[39m
                [36m<div[39m
                  [33mclass[39m=[32m"flex items-center gap-1.5"[39m
                [36m>[39m
                  [36m<svg[39m
                    [33maria-hidden[39m=[32m"true"[39m
                    [33mclass[39m=[32m"lucide lucide-trending-up h-3.5 w-3.5"[39m
                    [33mfill[39m=[32m"none"[39m
                    [33mheight[39m=[32m"24"[39m
                    [33mstroke[39m=[32m"currentColor"[39m
                    [33mstroke-linecap[39m=[32m"round"[39m
                    [33mstroke-linejoin[39m=[32m"round"[39m
                    [33mstroke-width[39m=[32m"2"[39m
                    [33mviewBox[39m=[32m"0 0 24 24"[39m
                    [33mwidth[39m=[32m"24"[39m
                    [33mxmlns[39m=[32m"http://www.w3.org/2000/svg"[39m
                  [36m>[39m
                    [36m<path[39m
                      [33md[39m=[32m"M16 7h6v6"[39m
                    [36m/>[39m
                    [36m<path[39m
                      [33md[39m=[32m"m22 7-8.5 8.5-5-5L2 17"[39m
                    [36m/>[39m
                  [36m</svg>[39m
                  [36m<span>[39m
                    [36m<span[39m
                      [33mclass[39m=[32m"font-medium"[39m
                    [36m>[39m
                      [0m150[0m
                    [36m</span>[39m
                    [0m [0m
                    [0mtransactions[0m
                  [36m</span>[39m
                [36m</div>[39m
                [36m<div[39m
                  [33mclass[39m=[32m"flex items-center gap-1.5"[39m
                [36m>[39m
                  [36m<svg[39m
                    [33maria-hidden[39m=[32m"true"[39m
                    [33mclass[39m=[32m"lucide lucide-upload h-3.5 w-3.5"[39m
                    [33mfill[39m=[32m"none"[39m
                    [33mheight[39m=[32m"24"[39m
                    [33mstroke[39m=[32m"currentColor"[39m
                    [33mstroke-linecap[39m=[32m"round"[39m
                    [33mstroke-linejoin[39m=[32m"round"[39m
                    [33mstroke-width[39m=[32m"2"[39m
                    [33mviewBox[39m=[32m"0 0 24 24"[39m
                    [33mwidth[39m=[32m"24"[39m
                    [33mxmlns[39m=[32m"http://www.w3.org/2000/svg"[39m
                  [36m>[39m
                    [36m<path[39m
                      [33md[39m=[32m"M12 3v12"[39m
                    [36m/>[39m
                    [36m<path[39m
                      [33md[39m=[32m"m17 8-5-5-5 5"[39m
                    [36m/>[39m
                    [36m<path[39m
                      [33md[39m=[32m"M21 15v4a2 2 0 0 1-2 2H5a2 2 0 0 1-2-2v-4"[39m
                    [36m/>[39m
                  [36m</svg>[39m
                  [36m<span>[39m
                    [36m<span[39m
                      [33mclass[39m=[32m"font-medium"[39m
                    [36m>[39m
                      [0m3[0m
                    [36m</span>[39m
                    [0m [0m
                    [0muploads[0m
                  [36m</span>[39m
                [36m</div>[39m
                [36m<div[39m
                  [33mclass[39m=[32m"flex items-center gap-1.5"[39m
                [36m>[39m
                  [36m<svg[39m
                    [33maria-hidden[39m=[32m"true"[39m
                    [33mclass[39m=[32m"lucide lucide-message-circle h-3.5 w-3.5"[39m
                    [33mfill[39m=[32m"none"[39m
                    [33mheight[39m=[32m"24"[39m
                    [33mstroke[39m=[32m"currentColor"[39m
                    [33mstroke-linecap[39m=[32m"round"[39m
                    [33mstroke-linejoin[39m=[32m"round"[39m
                    [33mstroke-width[39m=[32m"2"[39m
                    [33mviewBox[39m=[32m"0 0 24 24"[39m
                    [33mwidth[39m=[32m"24"[39m
                    [33mxmlns[39m=[32m"http://www.w3.org/2000/svg"[39m
                  [36m>[39m
                    [36m<path[39m
                      [33md[39m=[32m"M2.992 16.342a2 2 0 0 1 .094 1.167l-1.065 3.29a1 1 0 0 0 1.236 1.168l3.413-.998a2 2 0 0 1 1.099.092 10 10 0 1 0-4.777-4.719"[39m
                    [36m/>[39m
                  [36m</svg>[39m
                  [36m<span>[39m
                    [0mSquare:[0m
                    [0m [0m
                    [36m<span[39m
                      [33mclass[39m=[32m"font-medium"[39m
                    [36m>[39m
                      [0mconnected[0m
                    [36m</span>[39m
                  [36m</span>[39m
                [36m</div>[39m
              [36m</div>[39m
            [36m</div>[39m
            [36m<div[39m
              [33mclass[39m=[32m"ml-4 flex gap-2"[39m
            [36m>[39m
              [36m<a[39m
                [33mclass[39m=[32m"text-primary hover:text-primary/80 inline-flex items-center gap-1.5 text-sm font-medium transition-colors"[39m
                [33mhref[39m=[32m"/import?location_id=loc-1"[39m
              [36m>[39m
                [36m<svg[39m
                  [33maria-hidden[39m=[32m"true"[39m
                  [33mclass[39m=[32m"lucide lucide-upload h-3.5 w-3.5"[39m
                  [33mfill[39m=[32m"none"[39m
                  [33mheight[39m=[32m"24"[39m
                  [33mstroke[39m=[32m"currentColor"[39m
                  [33mstroke-linecap[39m=[32m"round"[39m
                  [33mstroke-linejoin[39m=[32m"round"[39m
                  [33mstroke-width[39m=[32m"2"[39m
                  [33mviewBox[39m=[32m"0 0 24 24"[39m
                  [33mwidth[39m=[32m"24"[39m
                  [33mxmlns[39m=[32m"http://www.w3.org/2000/svg"[39m
                [36m>[39m
                  [36m<path[39m
                    [33md[39m=[32m"M12 3v12"[39m
                  [36m/>[39m
                  [36m<path[39m
                    [33md[39m=[32m"m17 8-5-5-5 5"[39m
                  [36m/>[39m
                  [36m<path[39m
                    [33md[39m=[32m"M21 15v4a2 2 0 0 1-2 2H5a2 2 0 0 1-2-2v-4"[39m
                  [36m/>[39m
                [36m</svg>[39m
                [0mImport[0m
              [36m</a>[39m
              [36m<a[39m
                [33mclass[39m=[32m"text-primary hover:text-primary/80 inline-flex items-center gap-1.5 text-sm font-medium transition-colors"[39m
                [33mhref[39m=[32m"/conversations/conv-1"[39m
              [36m>[39m
                [36m<svg[39m
                  [33maria-hidden[39m=[32m"true"[39m
                  [33mclass[39m=[32m"lucide lucide-message-circle h-3.5 w-3.5"[39m
                  [33mfill[39m=[32m"none"[39m
                  [33mheight[39m=[32m"24"[39m
                  [33mstroke[39m=[32m"currentColor"[39m
                  [33mstroke-linecap[39m=[32m"round"[39m
                  [33mstroke-linejoin[39m=[32m"round"[39m
                  [33mstroke-width[39m=[32m"2"[39m
                  [33mviewBox[39m=[32m"0 0 24 24"[39m
                  [33mwidth[39m=[32m"24"[39m
                  [33mxmlns[39m=[32m"http://www.w3.org/2000/svg"[39m
                [36m>[39m
                  [36m<path[39m
                    [33md[39m=[32m"M2.992 16.342a2 2 0 0 1 .094 1.167l-1.065 3.29a1 1 0 0 0 1.236 1.168l3.413-.998a2 2 0 0 1 1.099.092 10 10 0 1 0-4.777-4.719"[39m
                  [36m/>[39m
                [36m</svg>[39m
                [0mChat[0m
              [36m</a>[39m
            [36m</div>[39m
          [36m</div>[39m
          [36m<div[39m
            [33mclass[39m=[32m"border-input flex items-start justify-between rounded border p-4"[39m
          [36m>[39m
            [36m<div[39m
              [33mclass[39m=[32m"flex-1"[39m
            [36m>[39m
              [36m<div[39m
                [33mclass[39m=[32m"flex items-center gap-2"[39m
              [36m>[39m
                [36m<svg[39m
                  [33maria-hidden[39m=[32m"true"[39m
                  [33mclass[39m=[32m"lucide lucide-utensils text-muted-foreground h-4 w-4"[39m
                  [33mfill[39m=[32m"none"[39m
                  [33mheight[39m=[32m"24"[39m
                  [33mstroke[39m=[32m"currentColor"[39m
                  [33mstroke-linecap[39m=[32m"round"[39m
                  [33mstroke-linejoin[39m=[32m"round"[39m
                  [33mstroke-width[39m=[32m"2"[39m
                  [33mviewBox[39m=[32m"0 0 24 24"[39m
                  [33mwidth[39m=[32m"24"[39m
                  [33mxmlns[39m=[32m"http://www.w3.org/2000/svg"[39m
                [36m>[39m
                  [36m<path[39m
                    [33md[39m=[32m"M3 2v7c0 1.1.9 2 2 2h4a2 2 0 0 0 2-2V2"[39m
                  [36m/>[39m
                  [36m<path[39m
                    [33md[39m=[32m"M7 2v20"[39m
                  [36m/>[39m
                  [36m<path[39m
                    [33md[39m=[32m"M21 15V2a5 5 0 0 0-5 5v6c0 1.1.9 2 2 2h3Zm0 0v7"[39m
                  [36m/>[39m
                [36m</svg>[39m
                [36m<h3[39m
                  [33mclass[39m=[32m"font-semibold"[39m
                [36m>[39m
                  [0mMobile Food Truck[0m
                [36m</h3>[39m
                [36m<div[39m
                  [33mclass[39m=[32m"inline-flex items-center rounded-full border px-2.5 py-0.5 font-semibold transition-colors focus:outline-none focus:ring-2 focus:ring-ring focus:ring-offset-2 border-transparent bg-secondary text-secondary-foreground hover:bg-secondary/80 text-xs"[39m
                [36m>[39m
                  [0mFood Truck[0m
                [36m</div>[39m
              [36m</div>[39m
              [36m<div[39m
                [33mclass[39m=[32m"text-muted-foreground mt-2 grid grid-cols-2 gap-3 text-sm md:grid-cols-3"[39m
              [36m>[39m
                [36m<div[39m
                  [33mclass[39m=[32m"flex items-center gap-1.5"[39m
                [36m>[39m
                  [36m<svg[39m
                    [33maria-hidden[39m=[32m"true"[39m
                    [33mclass[39m=[32m"lucide lucide-trending-up h-3.5 w-3.5"[39m
                    [33mfill[39m=[32m"none"[39m
                    [33mheight[39m=[32m"24"[39m
                    [33mstroke[39m=[32m"currentColor"[39m
                    [33mstroke-linecap[39m=[32m"round"[39m
                    [33mstroke-linejoin[39m=[32m"round"[39m
                    [33mstroke-width[39m=[32m"2"[39m
                    [33mviewBox[39m=[32m"0 0 24 24"[39m
                    [33mwidth[39m=[32m"24"[39m
                    [33mxmlns[39m=[32m"http://www.w3.org/2000/svg"[39m
                  [36m>[39m
                    [36m<path[39m
                      [33md[39m=[32m"M16 7h6v6"[39m
                    [36m/>[39m
                    [36m<path[39m
                      [33md[39m=[32m"m22 7-8.5 8.5-5-5L2 17"[39m
                    [36m/>[39m
                  [36m</svg>[39m
                  [36m<span>[39m
                    [36m<span[39m
                      [33mclass[39m=[32m"font-medium"[39m
                    [36m>[39m
                      [0m45[0m
                    [36m</span>[39m
                    [0m [0m
                    [0mtransactions[0m
                  [36m</span>[39m
                [36m</div>[39m
                [36m<div[39m
                  [33mclass[39m=[32m"flex items-center gap-1.5"[39m
                [36m>[39m
                  [36m<svg[39m
                    [33maria-hidden[39m=[32m"true"[39m
                    [33mclass[39m=[32m"lucide lucide-upload h-3.5 w-3.5"[39m
                    [33mfill[39m=[32m"none"[39m
                    [33mheight[39m=[32m"24"[39m
                    [33mstroke[39m=[32m"currentColor"[39m
                    [33mstroke-linecap[39m=[32m"round"[39m
                    [33mstroke-linejoin[39m=[32m"round"[39m
                    [33mstroke-width[39m=[32m"2"[39m
                    [33mviewBox[39m=[32m"0 0 24 24"[39m
                    [33mwidth[39m=[32m"24"[39m
                    [33mxmlns[39m=[32m"http://www.w3.org/2000/svg"[39m
                  [36m>[39m
                    [36m<path[39m
                      [33md[39m=[32m"M12 3v12"[39m
                    [36m/>[39m
                    [36m<path[39m
                      [33md[39m=[32m"m17 8-5-5-5 5"[39m
                    [36m/>[39m
                    [36m<path[39m
                      [33md[39m=[32m"M21 15v4a2 2 0 0 1-2 2H5a2 2 0 0 1-2-2v-4"[39m
                    [36m/>[39m
                  [36m</svg>[39m
                  [36m<span>[39m
                    [36m<span[39m
                      [33mclass[39m=[32m"font-medium"[39m
                    [36m>[39m
                      [0m1[0m
                    [36m</span>[39m
                    [0m [0m
                    [0muploads[0m
                  [36m</span>[39m
                [36m</div>[39m
              [36m</div>[39m
            [36m</div>[39m
            [36m<div[39m
              [33mclass[39m=[32m"ml-4 flex gap-2"[39m
            [36m>[39m
              [36m<a[39m
                [33mclass[39m=[32m"text-primary hover:text-primary/80 inline-flex items-center gap-1.5 text-sm font-medium transition-colors"[39m
                [33mhref[39m=[32m"/import?location_id=loc-2"[39m
              [36m>[39m
                [36m<svg[39m
                  [33maria-hidden[39m=[32m"true"[39m
                  [33mclass[39m=[32m"lucide lucide-upload h-3.5 w-3.5"[39m
                  [33mfill[39m=[32m"none"[39m
                  [33mheight[39m=[32m"24"[39m
                  [33mstroke[39m=[32m"currentColor"[39m
                  [33mstroke-linecap[39m=[32m"round"[39m
                  [33mstroke-linejoin[39m=[32m"round"[39m
                  [33mstroke-width[39m=[32m"2"[39m
                  [33mviewBox[39m=[32m"0 0 24 24"[39m
                  [33mwidth[39m=[32m"24"[39m
                  [33mxmlns[39m=[32m"http://www.w3.org/2000/svg"[39m
                [36m>[39m
                  [36m<path[39m
                    [33md[39m=[32m"M12 3v12"[39m
                  [36m/>[39m
                  [36m<path[39m
                    [33md[39m=[32m"m17 8-5-5-5 5"[39m
                  [36m/>[39m
                  [36m<path[39m
                    [33md[39m=[32m"M21 15v4a2 2 0 0 1-2 2H5a2 2 0 0 1-2-2v-4"[39m
                  [36m/>[39m
                [36m</svg>[39m
                [0mImport[0m
              [36m</a>[39m
            [36m</div>[39m
          [36m</div>[39m
        [36m</div>[39m
      [36m</div>[39m
    [36m</div>[39m
  [36m</div>[39m
[36m</body>[39m
 ❯ Object.getElementError node_modules/@testing-library/dom/dist/config.js:37:19
 ❯ node_modules/@testing-library/dom/dist/query-helpers.js:76:38
 ❯ node_modules/@testing-library/dom/dist/query-helpers.js:52:17
 ❯ node_modules/@testing-library/dom/dist/query-helpers.js:95:19
 ❯ tests/unit/components/dashboard-cards.test.tsx:451:23
    449|         const counts = screen.getAllByText(/uploads/)
    450|         expect(counts.length).toBe(2)
    451|         expect(screen.getByText(/3.*uploads/)).toBeInTheDocument()
       |                       ^
    452|         expect(screen.getByText(/1.*uploads/)).toBeInTheDocument()
    453|       })

⎯⎯⎯⎯⎯⎯⎯⎯⎯⎯⎯⎯⎯⎯⎯⎯⎯⎯⎯⎯⎯⎯⎯⎯[2/7]⎯

 FAIL  tests/unit/components/dashboard-cards.test.tsx > Dashboard Cards > LocationOverviewCard > With Locations > should display POS connection status when available
TestingLibraryElementError: Unable to find an element with the text: /Square:.*connected/. This could be because the text is broken up by multiple elements. In this case, you can provide a function for your text matcher to make your matcher more flexible.

Ignored nodes: comments, script, style
[36m<body>[39m
  [36m<div>[39m
    [36m<div[39m
      [33mclass[39m=[32m"bg-card text-card-foreground flex flex-col gap-6 rounded-xl border py-6 shadow-sm"[39m
      [33mdata-slot[39m=[32m"card"[39m
    [36m>[39m
      [36m<div[39m
        [33mclass[39m=[32m"@container/card-header grid auto-rows-min grid-rows-[auto_auto] items-start gap-2 px-6 has-data-[slot=card-action]:grid-cols-[1fr_auto] [.border-b]:pb-6"[39m
        [33mdata-slot[39m=[32m"card-header"[39m
      [36m>[39m
        [36m<div[39m
          [33mclass[39m=[32m"leading-none font-semibold"[39m
          [33mdata-slot[39m=[32m"card-title"[39m
        [36m>[39m
          [0mLocations ([0m
          [0m2[0m
          [0m)[0m
        [36m</div>[39m
      [36m</div>[39m
      [36m<div[39m
        [33mclass[39m=[32m"px-6"[39m
        [33mdata-slot[39m=[32m"card-content"[39m
      [36m>[39m
        [36m<div[39m
          [33mclass[39m=[32m"space-y-3"[39m
        [36m>[39m
          [36m<div[39m
            [33mclass[39m=[32m"border-input flex items-start justify-between rounded border p-4"[39m
          [36m>[39m
            [36m<div[39m
              [33mclass[39m=[32m"flex-1"[39m
            [36m>[39m
              [36m<div[39m
                [33mclass[39m=[32m"flex items-center gap-2"[39m
              [36m>[39m
                [36m<svg[39m
                  [33maria-hidden[39m=[32m"true"[39m
                  [33mclass[39m=[32m"lucide lucide-building2 lucide-building-2 text-muted-foreground h-4 w-4"[39m
                  [33mfill[39m=[32m"none"[39m
                  [33mheight[39m=[32m"24"[39m
                  [33mstroke[39m=[32m"currentColor"[39m
                  [33mstroke-linecap[39m=[32m"round"[39m
                  [33mstroke-linejoin[39m=[32m"round"[39m
                  [33mstroke-width[39m=[32m"2"[39m
                  [33mviewBox[39m=[32m"0 0 24 24"[39m
                  [33mwidth[39m=[32m"24"[39m
                  [33mxmlns[39m=[32m"http://www.w3.org/2000/svg"[39m
                [36m>[39m
                  [36m<path[39m
                    [33md[39m=[32m"M10 12h4"[39m
                  [36m/>[39m
                  [36m<path[39m
                    [33md[39m=[32m"M10 8h4"[39m
                  [36m/>[39m
                  [36m<path[39m
                    [33md[39m=[32m"M14 21v-3a2 2 0 0 0-4 0v3"[39m
                  [36m/>[39m
                  [36m<path[39m
                    [33md[39m=[32m"M6 10H4a2 2 0 0 0-2 2v7a2 2 0 0 0 2 2h16a2 2 0 0 0 2-2V9a2 2 0 0 0-2-2h-2"[39m
                  [36m/>[39m
                  [36m<path[39m
                    [33md[39m=[32m"M6 21V5a2 2 0 0 1 2-2h8a2 2 0 0 1 2 2v16"[39m
                  [36m/>[39m
                [36m</svg>[39m
                [36m<h3[39m
                  [33mclass[39m=[32m"font-semibold"[39m
                [36m>[39m
                  [0mDowntown Restaurant[0m
                [36m</h3>[39m
                [36m<div[39m
                  [33mclass[39m=[32m"inline-flex items-center rounded-full border px-2.5 py-0.5 font-semibold transition-colors focus:outline-none focus:ring-2 focus:ring-ring focus:ring-offset-2 border-transparent bg-secondary text-secondary-foreground hover:bg-secondary/80 text-xs"[39m
                [36m>[39m
                  [0mRestaurant[0m
                [36m</div>[39m
              [36m</div>[39m
              [36m<div[39m
                [33mclass[39m=[32m"text-muted-foreground mt-2 grid grid-cols-2 gap-3 text-sm md:grid-cols-3"[39m
              [36m>[39m
                [36m<div[39m
                  [33mclass[39m=[32m"flex items-center gap-1.5"[39m
                [36m>[39m
                  [36m<svg[39m
                    [33maria-hidden[39m=[32m"true"[39m
                    [33mclass[39m=[32m"lucide lucide-trending-up h-3.5 w-3.5"[39m
                    [33mfill[39m=[32m"none"[39m
                    [33mheight[39m=[32m"24"[39m
                    [33mstroke[39m=[32m"currentColor"[39m
                    [33mstroke-linecap[39m=[32m"round"[39m
                    [33mstroke-linejoin[39m=[32m"round"[39m
                    [33mstroke-width[39m=[32m"2"[39m
                    [33mviewBox[39m=[32m"0 0 24 24"[39m
                    [33mwidth[39m=[32m"24"[39m
                    [33mxmlns[39m=[32m"http://www.w3.org/2000/svg"[39m
                  [36m>[39m
                    [36m<path[39m
                      [33md[39m=[32m"M16 7h6v6"[39m
                    [36m/>[39m
                    [36m<path[39m
                      [33md[39m=[32m"m22 7-8.5 8.5-5-5L2 17"[39m
                    [36m/>[39m
                  [36m</svg>[39m
                  [36m<span>[39m
                    [36m<span[39m
                      [33mclass[39m=[32m"font-medium"[39m
                    [36m>[39m
                      [0m150[0m
                    [36m</span>[39m
                    [0m [0m
                    [0mtransactions[0m
                  [36m</span>[39m
                [36m</div>[39m
                [36m<div[39m
                  [33mclass[39m=[32m"flex items-center gap-1.5"[39m
                [36m>[39m
                  [36m<svg[39m
                    [33maria-hidden[39m=[32m"true"[39m
                    [33mclass[39m=[32m"lucide lucide-upload h-3.5 w-3.5"[39m
                    [33mfill[39m=[32m"none"[39m
                    [33mheight[39m=[32m"24"[39m
                    [33mstroke[39m=[32m"currentColor"[39m
                    [33mstroke-linecap[39m=[32m"round"[39m
                    [33mstroke-linejoin[39m=[32m"round"[39m
                    [33mstroke-width[39m=[32m"2"[39m
                    [33mviewBox[39m=[32m"0 0 24 24"[39m
                    [33mwidth[39m=[32m"24"[39m
                    [33mxmlns[39m=[32m"http://www.w3.org/2000/svg"[39m
                  [36m>[39m
                    [36m<path[39m
                      [33md[39m=[32m"M12 3v12"[39m
                    [36m/>[39m
                    [36m<path[39m
                      [33md[39m=[32m"m17 8-5-5-5 5"[39m
                    [36m/>[39m
                    [36m<path[39m
                      [33md[39m=[32m"M21 15v4a2 2 0 0 1-2 2H5a2 2 0 0 1-2-2v-4"[39m
                    [36m/>[39m
                  [36m</svg>[39m
                  [36m<span>[39m
                    [36m<span[39m
                      [33mclass[39m=[32m"font-medium"[39m
                    [36m>[39m
                      [0m3[0m
                    [36m</span>[39m
                    [0m [0m
                    [0muploads[0m
                  [36m</span>[39m
                [36m</div>[39m
                [36m<div[39m
                  [33mclass[39m=[32m"flex items-center gap-1.5"[39m
                [36m>[39m
                  [36m<svg[39m
                    [33maria-hidden[39m=[32m"true"[39m
                    [33mclass[39m=[32m"lucide lucide-message-circle h-3.5 w-3.5"[39m
                    [33mfill[39m=[32m"none"[39m
                    [33mheight[39m=[32m"24"[39m
                    [33mstroke[39m=[32m"currentColor"[39m
                    [33mstroke-linecap[39m=[32m"round"[39m
                    [33mstroke-linejoin[39m=[32m"round"[39m
                    [33mstroke-width[39m=[32m"2"[39m
                    [33mviewBox[39m=[32m"0 0 24 24"[39m
                    [33mwidth[39m=[32m"24"[39m
                    [33mxmlns[39m=[32m"http://www.w3.org/2000/svg"[39m
                  [36m>[39m
                    [36m<path[39m
                      [33md[39m=[32m"M2.992 16.342a2 2 0 0 1 .094 1.167l-1.065 3.29a1 1 0 0 0 1.236 1.168l3.413-.998a2 2 0 0 1 1.099.092 10 10 0 1 0-4.777-4.719"[39m
                    [36m/>[39m
                  [36m</svg>[39m
                  [36m<span>[39m
                    [0mSquare:[0m
                    [0m [0m
                    [36m<span[39m
                      [33mclass[39m=[32m"font-medium"[39m
                    [36m>[39m
                      [0mconnected[0m
                    [36m</span>[39m
                  [36m</span>[39m
                [36m</div>[39m
              [36m</div>[39m
            [36m</div>[39m
            [36m<div[39m
              [33mclass[39m=[32m"ml-4 flex gap-2"[39m
            [36m>[39m
              [36m<a[39m
                [33mclass[39m=[32m"text-primary hover:text-primary/80 inline-flex items-center gap-1.5 text-sm font-medium transition-colors"[39m
                [33mhref[39m=[32m"/import?location_id=loc-1"[39m
              [36m>[39m
                [36m<svg[39m
                  [33maria-hidden[39m=[32m"true"[39m
                  [33mclass[39m=[32m"lucide lucide-upload h-3.5 w-3.5"[39m
                  [33mfill[39m=[32m"none"[39m
                  [33mheight[39m=[32m"24"[39m
                  [33mstroke[39m=[32m"currentColor"[39m
                  [33mstroke-linecap[39m=[32m"round"[39m
                  [33mstroke-linejoin[39m=[32m"round"[39m
                  [33mstroke-width[39m=[32m"2"[39m
                  [33mviewBox[39m=[32m"0 0 24 24"[39m
                  [33mwidth[39m=[32m"24"[39m
                  [33mxmlns[39m=[32m"http://www.w3.org/2000/svg"[39m
                [36m>[39m
                  [36m<path[39m
                    [33md[39m=[32m"M12 3v12"[39m
                  [36m/>[39m
                  [36m<path[39m
                    [33md[39m=[32m"m17 8-5-5-5 5"[39m
                  [36m/>[39m
                  [36m<path[39m
                    [33md[39m=[32m"M21 15v4a2 2 0 0 1-2 2H5a2 2 0 0 1-2-2v-4"[39m
                  [36m/>[39m
                [36m</svg>[39m
                [0mImport[0m
              [36m</a>[39m
              [36m<a[39m
                [33mclass[39m=[32m"text-primary hover:text-primary/80 inline-flex items-center gap-1.5 text-sm font-medium transition-colors"[39m
                [33mhref[39m=[32m"/conversations/conv-1"[39m
              [36m>[39m
                [36m<svg[39m
                  [33maria-hidden[39m=[32m"true"[39m
                  [33mclass[39m=[32m"lucide lucide-message-circle h-3.5 w-3.5"[39m
                  [33mfill[39m=[32m"none"[39m
                  [33mheight[39m=[32m"24"[39m
                  [33mstroke[39m=[32m"currentColor"[39m
                  [33mstroke-linecap[39m=[32m"round"[39m
                  [33mstroke-linejoin[39m=[32m"round"[39m
                  [33mstroke-width[39m=[32m"2"[39m
                  [33mviewBox[39m=[32m"0 0 24 24"[39m
                  [33mwidth[39m=[32m"24"[39m
                  [33mxmlns[39m=[32m"http://www.w3.org/2000/svg"[39m
                [36m>[39m
                  [36m<path[39m
                    [33md[39m=[32m"M2.992 16.342a2 2 0 0 1 .094 1.167l-1.065 3.29a1 1 0 0 0 1.236 1.168l3.413-.998a2 2 0 0 1 1.099.092 10 10 0 1 0-4.777-4.719"[39m
                  [36m/>[39m
                [36m</svg>[39m
                [0mChat[0m
              [36m</a>[39m
            [36m</div>[39m
          [36m</div>[39m
          [36m<div[39m
            [33mclass[39m=[32m"border-input flex items-start justify-between rounded border p-4"[39m
          [36m>[39m
            [36m<div[39m
              [33mclass[39m=[32m"flex-1"[39m
            [36m>[39m
              [36m<div[39m
                [33mclass[39m=[32m"flex items-center gap-2"[39m
              [36m>[39m
                [36m<svg[39m
                  [33maria-hidden[39m=[32m"true"[39m
                  [33mclass[39m=[32m"lucide lucide-utensils text-muted-foreground h-4 w-4"[39m
                  [33mfill[39m=[32m"none"[39m
                  [33mheight[39m=[32m"24"[39m
                  [33mstroke[39m=[32m"currentColor"[39m
                  [33mstroke-linecap[39m=[32m"round"[39m
                  [33mstroke-linejoin[39m=[32m"round"[39m
                  [33mstroke-width[39m=[32m"2"[39m
                  [33mviewBox[39m=[32m"0 0 24 24"[39m
                  [33mwidth[39m=[32m"24"[39m
                  [33mxmlns[39m=[32m"http://www.w3.org/2000/svg"[39m
                [36m>[39m
                  [36m<path[39m
                    [33md[39m=[32m"M3 2v7c0 1.1.9 2 2 2h4a2 2 0 0 0 2-2V2"[39m
                  [36m/>[39m
                  [36m<path[39m
                    [33md[39m=[32m"M7 2v20"[39m
                  [36m/>[39m
                  [36m<path[39m
                    [33md[39m=[32m"M21 15V2a5 5 0 0 0-5 5v6c0 1.1.9 2 2 2h3Zm0 0v7"[39m
                  [36m/>[39m
                [36m</svg>[39m
                [36m<h3[39m
                  [33mclass[39m=[32m"font-semibold"[39m
                [36m>[39m
                  [0mMobile Food Truck[0m
                [36m</h3>[39m
                [36m<div[39m
                  [33mclass[39m=[32m"inline-flex items-center rounded-full border px-2.5 py-0.5 font-semibold transition-colors focus:outline-none focus:ring-2 focus:ring-ring focus:ring-offset-2 border-transparent bg-secondary text-secondary-foreground hover:bg-secondary/80 text-xs"[39m
                [36m>[39m
                  [0mFood Truck[0m
                [36m</div>[39m
              [36m</div>[39m
              [36m<div[39m
                [33mclass[39m=[32m"text-muted-foreground mt-2 grid grid-cols-2 gap-3 text-sm md:grid-cols-3"[39m
              [36m>[39m
                [36m<div[39m
                  [33mclass[39m=[32m"flex items-center gap-1.5"[39m
                [36m>[39m
                  [36m<svg[39m
                    [33maria-hidden[39m=[32m"true"[39m
                    [33mclass[39m=[32m"lucide lucide-trending-up h-3.5 w-3.5"[39m
                    [33mfill[39m=[32m"none"[39m
                    [33mheight[39m=[32m"24"[39m
                    [33mstroke[39m=[32m"currentColor"[39m
                    [33mstroke-linecap[39m=[32m"round"[39m
                    [33mstroke-linejoin[39m=[32m"round"[39m
                    [33mstroke-width[39m=[32m"2"[39m
                    [33mviewBox[39m=[32m"0 0 24 24"[39m
                    [33mwidth[39m=[32m"24"[39m
                    [33mxmlns[39m=[32m"http://www.w3.org/2000/svg"[39m
                  [36m>[39m
                    [36m<path[39m
                      [33md[39m=[32m"M16 7h6v6"[39m
                    [36m/>[39m
                    [36m<path[39m
                      [33md[39m=[32m"m22 7-8.5 8.5-5-5L2 17"[39m
                    [36m/>[39m
                  [36m</svg>[39m
                  [36m<span>[39m
                    [36m<span[39m
                      [33mclass[39m=[32m"font-medium"[39m
                    [36m>[39m
                      [0m45[0m
                    [36m</span>[39m
                    [0m [0m
                    [0mtransactions[0m
                  [36m</span>[39m
                [36m</div>[39m
                [36m<div[39m
                  [33mclass[39m=[32m"flex items-center gap-1.5"[39m
                [36m>[39m
                  [36m<svg[39m
                    [33maria-hidden[39m=[32m"true"[39m
                    [33mclass[39m=[32m"lucide lucide-upload h-3.5 w-3.5"[39m
                    [33mfill[39m=[32m"none"[39m
                    [33mheight[39m=[32m"24"[39m
                    [33mstroke[39m=[32m"currentColor"[39m
                    [33mstroke-linecap[39m=[32m"round"[39m
                    [33mstroke-linejoin[39m=[32m"round"[39m
                    [33mstroke-width[39m=[32m"2"[39m
                    [33mviewBox[39m=[32m"0 0 24 24"[39m
                    [33mwidth[39m=[32m"24"[39m
                    [33mxmlns[39m=[32m"http://www.w3.org/2000/svg"[39m
                  [36m>[39m
                    [36m<path[39m
                      [33md[39m=[32m"M12 3v12"[39m
                    [36m/>[39m
                    [36m<path[39m
                      [33md[39m=[32m"m17 8-5-5-5 5"[39m
                    [36m/>[39m
                    [36m<path[39m
                      [33md[39m=[32m"M21 15v4a2 2 0 0 1-2 2H5a2 2 0 0 1-2-2v-4"[39m
                    [36m/>[39m
                  [36m</svg>[39m
                  [36m<span>[39m
                    [36m<span[39m
                      [33mclass[39m=[32m"font-medium"[39m
                    [36m>[39m
                      [0m1[0m
                    [36m</span>[39m
                    [0m [0m
                    [0muploads[0m
                  [36m</span>[39m
                [36m</div>[39m
              [36m</div>[39m
            [36m</div>[39m
            [36m<div[39m
              [33mclass[39m=[32m"ml-4 flex gap-2"[39m
            [36m>[39m
              [36m<a[39m
                [33mclass[39m=[32m"text-primary hover:text-primary/80 inline-flex items-center gap-1.5 text-sm font-medium transition-colors"[39m
                [33mhref[39m=[32m"/import?location_id=loc-2"[39m
              [36m>[39m
                [36m<svg[39m
                  [33maria-hidden[39m=[32m"true"[39m
                  [33mclass[39m=[32m"lucide lucide-upload h-3.5 w-3.5"[39m
                  [33mfill[39m=[32m"none"[39m
                  [33mheight[39m=[32m"24"[39m
                  [33mstroke[39m=[32m"currentColor"[39m
                  [33mstroke-linecap[39m=[32m"round"[39m
                  [33mstroke-linejoin[39m=[32m"round"[39m
                  [33mstroke-width[39m=[32m"2"[39m
                  [33mviewBox[39m=[32m"0 0 24 24"[39m
                  [33mwidth[39m=[32m"24"[39m
                  [33mxmlns[39m=[32m"http://www.w3.org/2000/svg"[39m
                [36m>[39m
                  [36m<path[39m
                    [33md[39m=[32m"M12 3v12"[39m
                  [36m/>[39m
                  [36m<path[39m
                    [33md[39m=[32m"m17 8-5-5-5 5"[39m
                  [36m/>[39m
                  [36m<path[39m
                    [33md[39m=[32m"M21 15v4a2 2 0 0 1-2 2H5a2 2 0 0 1-2-2v-4"[39m
                  [36m/>[39m
                [36m</svg>[39m
                [0mImport[0m
              [36m</a>[39m
            [36m</div>[39m
          [36m</div>[39m
        [36m</div>[39m
      [36m</div>[39m
    [36m</div>[39m
  [36m</div>[39m
[36m</body>[39m
 ❯ Object.getElementError node_modules/@testing-library/dom/dist/config.js:37:19
 ❯ node_modules/@testing-library/dom/dist/query-helpers.js:76:38
 ❯ node_modules/@testing-library/dom/dist/query-helpers.js:52:17
 ❯ node_modules/@testing-library/dom/dist/query-helpers.js:95:19
 ❯ tests/unit/components/dashboard-cards.test.tsx:457:23
    455|       it('should display POS connection status when available', () => {
    456|         render(<LocationOverviewCard locations={mockLocations} />)
    457|         expect(screen.getByText(/Square:.*connected/)).toBeInTheDocume…
       |                       ^
    458|       })
    459|

⎯⎯⎯⎯⎯⎯⎯⎯⎯⎯⎯⎯⎯⎯⎯⎯⎯⎯⎯⎯⎯⎯⎯⎯[3/7]⎯

 FAIL  tests/unit/components/dashboard-cards.test.tsx > Dashboard Cards > LocationOverviewCard > Numeric Data Display > should display zero transaction count correctly
TestingLibraryElementError: Unable to find an element with the text: /0.*transactions/. This could be because the text is broken up by multiple elements. In this case, you can provide a function for your text matcher to make your matcher more flexible.

Ignored nodes: comments, script, style
[36m<body>[39m
  [36m<div>[39m
    [36m<div[39m
      [33mclass[39m=[32m"bg-card text-card-foreground flex flex-col gap-6 rounded-xl border py-6 shadow-sm"[39m
      [33mdata-slot[39m=[32m"card"[39m
    [36m>[39m
      [36m<div[39m
        [33mclass[39m=[32m"@container/card-header grid auto-rows-min grid-rows-[auto_auto] items-start gap-2 px-6 has-data-[slot=card-action]:grid-cols-[1fr_auto] [.border-b]:pb-6"[39m
        [33mdata-slot[39m=[32m"card-header"[39m
      [36m>[39m
        [36m<div[39m
          [33mclass[39m=[32m"leading-none font-semibold"[39m
          [33mdata-slot[39m=[32m"card-title"[39m
        [36m>[39m
          [0mLocations ([0m
          [0m1[0m
          [0m)[0m
        [36m</div>[39m
      [36m</div>[39m
      [36m<div[39m
        [33mclass[39m=[32m"px-6"[39m
        [33mdata-slot[39m=[32m"card-content"[39m
      [36m>[39m
        [36m<div[39m
          [33mclass[39m=[32m"space-y-3"[39m
        [36m>[39m
          [36m<div[39m
            [33mclass[39m=[32m"border-input flex items-start justify-between rounded border p-4"[39m
          [36m>[39m
            [36m<div[39m
              [33mclass[39m=[32m"flex-1"[39m
            [36m>[39m
              [36m<div[39m
                [33mclass[39m=[32m"flex items-center gap-2"[39m
              [36m>[39m
                [36m<svg[39m
                  [33maria-hidden[39m=[32m"true"[39m
                  [33mclass[39m=[32m"lucide lucide-building2 lucide-building-2 text-muted-foreground h-4 w-4"[39m
                  [33mfill[39m=[32m"none"[39m
                  [33mheight[39m=[32m"24"[39m
                  [33mstroke[39m=[32m"currentColor"[39m
                  [33mstroke-linecap[39m=[32m"round"[39m
                  [33mstroke-linejoin[39m=[32m"round"[39m
                  [33mstroke-width[39m=[32m"2"[39m
                  [33mviewBox[39m=[32m"0 0 24 24"[39m
                  [33mwidth[39m=[32m"24"[39m
                  [33mxmlns[39m=[32m"http://www.w3.org/2000/svg"[39m
                [36m>[39m
                  [36m<path[39m
                    [33md[39m=[32m"M10 12h4"[39m
                  [36m/>[39m
                  [36m<path[39m
                    [33md[39m=[32m"M10 8h4"[39m
                  [36m/>[39m
                  [36m<path[39m
                    [33md[39m=[32m"M14 21v-3a2 2 0 0 0-4 0v3"[39m
                  [36m/>[39m
                  [36m<path[39m
                    [33md[39m=[32m"M6 10H4a2 2 0 0 0-2 2v7a2 2 0 0 0 2 2h16a2 2 0 0 0 2-2V9a2 2 0 0 0-2-2h-2"[39m
                  [36m/>[39m
                  [36m<path[39m
                    [33md[39m=[32m"M6 21V5a2 2 0 0 1 2-2h8a2 2 0 0 1 2 2v16"[39m
                  [36m/>[39m
                [36m</svg>[39m
                [36m<h3[39m
                  [33mclass[39m=[32m"font-semibold"[39m
                [36m>[39m
                  [0mNew Location[0m
                [36m</h3>[39m
                [36m<div[39m
                  [33mclass[39m=[32m"inline-flex items-center rounded-full border px-2.5 py-0.5 font-semibold transition-colors focus:outline-none focus:ring-2 focus:ring-ring focus:ring-offset-2 border-transparent bg-secondary text-secondary-foreground hover:bg-secondary/80 text-xs"[39m
                [36m>[39m
                  [0mRestaurant[0m
                [36m</div>[39m
              [36m</div>[39m
              [36m<div[39m
                [33mclass[39m=[32m"text-muted-foreground mt-2 grid grid-cols-2 gap-3 text-sm md:grid-cols-3"[39m
              [36m>[39m
                [36m<div[39m
                  [33mclass[39m=[32m"flex items-center gap-1.5"[39m
                [36m>[39m
                  [36m<svg[39m
                    [33maria-hidden[39m=[32m"true"[39m
                    [33mclass[39m=[32m"lucide lucide-trending-up h-3.5 w-3.5"[39m
                    [33mfill[39m=[32m"none"[39m
                    [33mheight[39m=[32m"24"[39m
                    [33mstroke[39m=[32m"currentColor"[39m
                    [33mstroke-linecap[39m=[32m"round"[39m
                    [33mstroke-linejoin[39m=[32m"round"[39m
                    [33mstroke-width[39m=[32m"2"[39m
                    [33mviewBox[39m=[32m"0 0 24 24"[39m
                    [33mwidth[39m=[32m"24"[39m
                    [33mxmlns[39m=[32m"http://www.w3.org/2000/svg"[39m
                  [36m>[39m
                    [36m<path[39m
                      [33md[39m=[32m"M16 7h6v6"[39m
                    [36m/>[39m
                    [36m<path[39m
                      [33md[39m=[32m"m22 7-8.5 8.5-5-5L2 17"[39m
                    [36m/>[39m
                  [36m</svg>[39m
                  [36m<span>[39m
                    [36m<span[39m
                      [33mclass[39m=[32m"font-medium"[39m
                    [36m>[39m
                      [0m0[0m
                    [36m</span>[39m
                    [0m [0m
                    [0mtransactions[0m
                  [36m</span>[39m
                [36m</div>[39m
                [36m<div[39m
                  [33mclass[39m=[32m"flex items-center gap-1.5"[39m
                [36m>[39m
                  [36m<svg[39m
                    [33maria-hidden[39m=[32m"true"[39m
                    [33mclass[39m=[32m"lucide lucide-upload h-3.5 w-3.5"[39m
                    [33mfill[39m=[32m"none"[39m
                    [33mheight[39m=[32m"24"[39m
                    [33mstroke[39m=[32m"currentColor"[39m
                    [33mstroke-linecap[39m=[32m"round"[39m
                    [33mstroke-linejoin[39m=[32m"round"[39m
                    [33mstroke-width[39m=[32m"2"[39m
                    [33mviewBox[39m=[32m"0 0 24 24"[39m
                    [33mwidth[39m=[32m"24"[39m
                    [33mxmlns[39m=[32m"http://www.w3.org/2000/svg"[39m
                  [36m>[39m
                    [36m<path[39m
                      [33md[39m=[32m"M12 3v12"[39m
                    [36m/>[39m
                    [36m<path[39m
                      [33md[39m=[32m"m17 8-5-5-5 5"[39m
                    [36m/>[39m
                    [36m<path[39m
                      [33md[39m=[32m"M21 15v4a2 2 0 0 1-2 2H5a2 2 0 0 1-2-2v-4"[39m
                    [36m/>[39m
                  [36m</svg>[39m
                  [36m<span>[39m
                    [36m<span[39m
                      [33mclass[39m=[32m"font-medium"[39m
                    [36m>[39m
                      [0m0[0m
                    [36m</span>[39m
                    [0m [0m
                    [0muploads[0m
                  [36m</span>[39m
                [36m</div>[39m
              [36m</div>[39m
            [36m</div>[39m
            [36m<div[39m
              [33mclass[39m=[32m"ml-4 flex gap-2"[39m
            [36m>[39m
              [36m<a[39m
                [33mclass[39m=[32m"text-primary hover:text-primary/80 inline-flex items-center gap-1.5 text-sm font-medium transition-colors"[39m
                [33mhref[39m=[32m"/import?location_id=loc-1"[39m
              [36m>[39m
                [36m<svg[39m
                  [33maria-hidden[39m=[32m"true"[39m
                  [33mclass[39m=[32m"lucide lucide-upload h-3.5 w-3.5"[39m
                  [33mfill[39m=[32m"none"[39m
                  [33mheight[39m=[32m"24"[39m
                  [33mstroke[39m=[32m"currentColor"[39m
                  [33mstroke-linecap[39m=[32m"round"[39m
                  [33mstroke-linejoin[39m=[32m"round"[39m
                  [33mstroke-width[39m=[32m"2"[39m
                  [33mviewBox[39m=[32m"0 0 24 24"[39m
                  [33mwidth[39m=[32m"24"[39m
                  [33mxmlns[39m=[32m"http://www.w3.org/2000/svg"[39m
                [36m>[39m
                  [36m<path[39m
                    [33md[39m=[32m"M12 3v12"[39m
                  [36m/>[39m
                  [36m<path[39m
                    [33md[39m=[32m"m17 8-5-5-5 5"[39m
                  [36m/>[39m
                  [36m<path[39m
                    [33md[39m=[32m"M21 15v4a2 2 0 0 1-2 2H5a2 2 0 0 1-2-2v-4"[39m
                  [36m/>[39m
                [36m</svg>[39m
                [0mImport[0m
              [36m</a>[39m
            [36m</div>[39m
          [36m</div>[39m
        [36m</div>[39m
      [36m</div>[39m
    [36m</div>[39m
  [36m</div>[39m
[36m</body>[39m
 ❯ Object.getElementError node_modules/@testing-library/dom/dist/config.js:37:19
 ❯ node_modules/@testing-library/dom/dist/query-helpers.js:76:38
 ❯ node_modules/@testing-library/dom/dist/query-helpers.js:52:17
 ❯ node_modules/@testing-library/dom/dist/query-helpers.js:95:19
 ❯ tests/unit/components/dashboard-cards.test.tsx:598:23
    596|         ]
    597|         render(<LocationOverviewCard locations={locations} />)
    598|         expect(screen.getByText(/0.*transactions/)).toBeInTheDocument()
       |                       ^
    599|         expect(screen.getByText(/0.*uploads/)).toBeInTheDocument()
    600|       })

⎯⎯⎯⎯⎯⎯⎯⎯⎯⎯⎯⎯⎯⎯⎯⎯⎯⎯⎯⎯⎯⎯⎯⎯[4/7]⎯

 FAIL  tests/unit/components/dashboard-cards.test.tsx > Dashboard Cards > LocationOverviewCard > Numeric Data Display > should display large numbers correctly
TestingLibraryElementError: Unable to find an element with the text: /10000.*transactions/. This could be because the text is broken up by multiple elements. In this case, you can provide a function for your text matcher to make your matcher more flexible.

Ignored nodes: comments, script, style
[36m<body>[39m
  [36m<div>[39m
    [36m<div[39m
      [33mclass[39m=[32m"bg-card text-card-foreground flex flex-col gap-6 rounded-xl border py-6 shadow-sm"[39m
      [33mdata-slot[39m=[32m"card"[39m
    [36m>[39m
      [36m<div[39m
        [33mclass[39m=[32m"@container/card-header grid auto-rows-min grid-rows-[auto_auto] items-start gap-2 px-6 has-data-[slot=card-action]:grid-cols-[1fr_auto] [.border-b]:pb-6"[39m
        [33mdata-slot[39m=[32m"card-header"[39m
      [36m>[39m
        [36m<div[39m
          [33mclass[39m=[32m"leading-none font-semibold"[39m
          [33mdata-slot[39m=[32m"card-title"[39m
        [36m>[39m
          [0mLocations ([0m
          [0m1[0m
          [0m)[0m
        [36m</div>[39m
      [36m</div>[39m
      [36m<div[39m
        [33mclass[39m=[32m"px-6"[39m
        [33mdata-slot[39m=[32m"card-content"[39m
      [36m>[39m
        [36m<div[39m
          [33mclass[39m=[32m"space-y-3"[39m
        [36m>[39m
          [36m<div[39m
            [33mclass[39m=[32m"border-input flex items-start justify-between rounded border p-4"[39m
          [36m>[39m
            [36m<div[39m
              [33mclass[39m=[32m"flex-1"[39m
            [36m>[39m
              [36m<div[39m
                [33mclass[39m=[32m"flex items-center gap-2"[39m
              [36m>[39m
                [36m<svg[39m
                  [33maria-hidden[39m=[32m"true"[39m
                  [33mclass[39m=[32m"lucide lucide-building2 lucide-building-2 text-muted-foreground h-4 w-4"[39m
                  [33mfill[39m=[32m"none"[39m
                  [33mheight[39m=[32m"24"[39m
                  [33mstroke[39m=[32m"currentColor"[39m
                  [33mstroke-linecap[39m=[32m"round"[39m
                  [33mstroke-linejoin[39m=[32m"round"[39m
                  [33mstroke-width[39m=[32m"2"[39m
                  [33mviewBox[39m=[32m"0 0 24 24"[39m
                  [33mwidth[39m=[32m"24"[39m
                  [33mxmlns[39m=[32m"http://www.w3.org/2000/svg"[39m
                [36m>[39m
                  [36m<path[39m
                    [33md[39m=[32m"M10 12h4"[39m
                  [36m/>[39m
                  [36m<path[39m
                    [33md[39m=[32m"M10 8h4"[39m
                  [36m/>[39m
                  [36m<path[39m
                    [33md[39m=[32m"M14 21v-3a2 2 0 0 0-4 0v3"[39m
                  [36m/>[39m
                  [36m<path[39m
                    [33md[39m=[32m"M6 10H4a2 2 0 0 0-2 2v7a2 2 0 0 0 2 2h16a2 2 0 0 0 2-2V9a2 2 0 0 0-2-2h-2"[39m
                  [36m/>[39m
                  [36m<path[39m
                    [33md[39m=[32m"M6 21V5a2 2 0 0 1 2-2h8a2 2 0 0 1 2 2v16"[39m
                  [36m/>[39m
                [36m</svg>[39m
                [36m<h3[39m
                  [33mclass[39m=[32m"font-semibold"[39m
                [36m>[39m
                  [0mBusy Location[0m
                [36m</h3>[39m
                [36m<div[39m
                  [33mclass[39m=[32m"inline-flex items-center rounded-full border px-2.5 py-0.5 font-semibold transition-colors focus:outline-none focus:ring-2 focus:ring-ring focus:ring-offset-2 border-transparent bg-secondary text-secondary-foreground hover:bg-secondary/80 text-xs"[39m
                [36m>[39m
                  [0mRestaurant[0m
                [36m</div>[39m
              [36m</div>[39m
              [36m<div[39m
                [33mclass[39m=[32m"text-muted-foreground mt-2 grid grid-cols-2 gap-3 text-sm md:grid-cols-3"[39m
              [36m>[39m
                [36m<div[39m
                  [33mclass[39m=[32m"flex items-center gap-1.5"[39m
                [36m>[39m
                  [36m<svg[39m
                    [33maria-hidden[39m=[32m"true"[39m
                    [33mclass[39m=[32m"lucide lucide-trending-up h-3.5 w-3.5"[39m
                    [33mfill[39m=[32m"none"[39m
                    [33mheight[39m=[32m"24"[39m
                    [33mstroke[39m=[32m"currentColor"[39m
                    [33mstroke-linecap[39m=[32m"round"[39m
                    [33mstroke-linejoin[39m=[32m"round"[39m
                    [33mstroke-width[39m=[32m"2"[39m
                    [33mviewBox[39m=[32m"0 0 24 24"[39m
                    [33mwidth[39m=[32m"24"[39m
                    [33mxmlns[39m=[32m"http://www.w3.org/2000/svg"[39m
                  [36m>[39m
                    [36m<path[39m
                      [33md[39m=[32m"M16 7h6v6"[39m
                    [36m/>[39m
                    [36m<path[39m
                      [33md[39m=[32m"m22 7-8.5 8.5-5-5L2 17"[39m
                    [36m/>[39m
                  [36m</svg>[39m
                  [36m<span>[39m
                    [36m<span[39m
                      [33mclass[39m=[32m"font-medium"[39m
                    [36m>[39m
                      [0m10000[0m
                    [36m</span>[39m
                    [0m [0m
                    [0mtransactions[0m
                  [36m</span>[39m
                [36m</div>[39m
                [36m<div[39m
                  [33mclass[39m=[32m"flex items-center gap-1.5"[39m
                [36m>[39m
                  [36m<svg[39m
                    [33maria-hidden[39m=[32m"true"[39m
                    [33mclass[39m=[32m"lucide lucide-upload h-3.5 w-3.5"[39m
                    [33mfill[39m=[32m"none"[39m
                    [33mheight[39m=[32m"24"[39m
                    [33mstroke[39m=[32m"currentColor"[39m
                    [33mstroke-linecap[39m=[32m"round"[39m
                    [33mstroke-linejoin[39m=[32m"round"[39m
                    [33mstroke-width[39m=[32m"2"[39m
                    [33mviewBox[39m=[32m"0 0 24 24"[39m
                    [33mwidth[39m=[32m"24"[39m
                    [33mxmlns[39m=[32m"http://www.w3.org/2000/svg"[39m
                  [36m>[39m
                    [36m<path[39m
                      [33md[39m=[32m"M12 3v12"[39m
                    [36m/>[39m
                    [36m<path[39m
                      [33md[39m=[32m"m17 8-5-5-5 5"[39m
                    [36m/>[39m
                    [36m<path[39m
                      [33md[39m=[32m"M21 15v4a2 2 0 0 1-2 2H5a2 2 0 0 1-2-2v-4"[39m
                    [36m/>[39m
                  [36m</svg>[39m
                  [36m<span>[39m
                    [36m<span[39m
                      [33mclass[39m=[32m"font-medium"[39m
                    [36m>[39m
                      [0m250[0m
                    [36m</span>[39m
                    [0m [0m
                    [0muploads[0m
                  [36m</span>[39m
                [36m</div>[39m
              [36m</div>[39m
            [36m</div>[39m
            [36m<div[39m
              [33mclass[39m=[32m"ml-4 flex gap-2"[39m
            [36m>[39m
              [36m<a[39m
                [33mclass[39m=[32m"text-primary hover:text-primary/80 inline-flex items-center gap-1.5 text-sm font-medium transition-colors"[39m
                [33mhref[39m=[32m"/import?location_id=loc-1"[39m
              [36m>[39m
                [36m<svg[39m
                  [33maria-hidden[39m=[32m"true"[39m
                  [33mclass[39m=[32m"lucide lucide-upload h-3.5 w-3.5"[39m
                  [33mfill[39m=[32m"none"[39m
                  [33mheight[39m=[32m"24"[39m
                  [33mstroke[39m=[32m"currentColor"[39m
                  [33mstroke-linecap[39m=[32m"round"[39m
                  [33mstroke-linejoin[39m=[32m"round"[39m
                  [33mstroke-width[39m=[32m"2"[39m
                  [33mviewBox[39m=[32m"0 0 24 24"[39m
                  [33mwidth[39m=[32m"24"[39m
                  [33mxmlns[39m=[32m"http://www.w3.org/2000/svg"[39m
                [36m>[39m
                  [36m<path[39m
                    [33md[39m=[32m"M12 3v12"[39m
                  [36m/>[39m
                  [36m<path[39m
                    [33md[39m=[32m"m17 8-5-5-5 5"[39m
                  [36m/>[39m
                  [36m<path[39m
                    [33md[39m=[32m"M21 15v4a2 2 0 0 1-2 2H5a2 2 0 0 1-2-2v-4"[39m
                  [36m/>[39m
                [36m</svg>[39m
                [0mImport[0m
              [36m</a>[39m
            [36m</div>[39m
          [36m</div>[39m
        [36m</div>[39m
      [36m</div>[39m
    [36m</div>[39m
  [36m</div>[39m
[36m</body>[39m
 ❯ Object.getElementError node_modules/@testing-library/dom/dist/config.js:37:19
 ❯ node_modules/@testing-library/dom/dist/query-helpers.js:76:38
 ❯ node_modules/@testing-library/dom/dist/query-helpers.js:52:17
 ❯ node_modules/@testing-library/dom/dist/query-helpers.js:95:19
 ❯ tests/unit/components/dashboard-cards.test.tsx:615:23
    613|         ]
    614|         render(<LocationOverviewCard locations={locations} />)
    615|         expect(screen.getByText(/10000.*transactions/)).toBeInTheDocum…
       |                       ^
    616|         expect(screen.getByText(/250.*uploads/)).toBeInTheDocument()
    617|       })

⎯⎯⎯⎯⎯⎯⎯⎯⎯⎯⎯⎯⎯⎯⎯⎯⎯⎯⎯⎯⎯⎯⎯⎯[5/7]⎯

 FAIL  tests/unit/components/dashboard-cards.test.tsx > Dashboard Cards > QuickActionsCard > Action States > should show muted styling for disabled Start Conversation action
Error: [2mexpect([22m[31mreceived[39m[2m).toBeInTheDocument()[22m

[31mreceived[39m value must be an HTMLElement or an SVGElement.
Received has type:  Null
Received has value: [31mnull[39m
 ❯ tests/unit/components/dashboard-cards.test.tsx:717:32
    715|           '.bg-muted.text-muted-foreground',
    716|         )
    717|         expect(disabledAction).toBeInTheDocument()
       |                                ^
    718|       })
    719|

⎯⎯⎯⎯⎯⎯⎯⎯⎯⎯⎯⎯⎯⎯⎯⎯⎯⎯⎯⎯⎯⎯⎯⎯[6/7]⎯

 FAIL  tests/unit/components/dashboard-cards.test.tsx > Dashboard Cards > QuickActionsCard > Icon Display > should have muted icon color for disabled Start Conversation
Error: [2mexpect([22m[31mreceived[39m[2m).toBeInTheDocument()[22m

[31mreceived[39m value must be an HTMLElement or an SVGElement.
Received has type:  Null
Received has value: [31mnull[39m
 ❯ tests/unit/components/dashboard-cards.test.tsx:751:32
    749|           '.bg-muted.text-muted-foreground',
    750|         )
    751|         expect(disabledAction).toBeInTheDocument()
       |                                ^
    752|       })
    753|     })

⎯⎯⎯⎯⎯⎯⎯⎯⎯⎯⎯⎯⎯⎯⎯⎯⎯⎯⎯⎯⎯⎯⎯⎯[7/7]⎯


 Test Files  1 failed (1)
      Tests  7 failed | 66 passed (73)
   Start at  15:27:58
   Duration  1.30s (transform 86ms, setup 64ms, import 183ms, tests 419ms, environment 516ms)

